FuncDir - func_stack: [(name: glob, type: void, vars: [(name: x, type: int), (name: y, type: float), (name: z, type: string)], funcs: [(name: my_func, type: int, vars: [(name: x, type: int), (name: k, type: float)], funcs: [(name: my_super_func, type: string, vars: [(name: x, type: float), (name: z, type: string)], funcs: [], blocks:[])], blocks:[(block, vars: [(name: a, type: int)], funcs: [], blocks:[(block, vars: [], funcs: [], blocks:[]))]))])], blocks:[])]
